// Jest Snapshot v1, https://goo.gl/fbAQLP

exports[`<ListItem /> should correct match the snapshot 1`] = `
<body>
  <div>
    <li
      class="MuiListItem-root MuiListItem-gutters MuiListItem-padding MuiListItem-alignItemsFlexStart ListItem css-y0goe-MuiListItem-root"
    >
      <div
        class="MuiListItemAvatar-root MuiListItemAvatar-alignItemsFlexStart css-1hqvr79-MuiListItemAvatar-root"
      >
        <div
          class="MuiAvatar-root MuiAvatar-circular css-1wlk0hk-MuiAvatar-root"
        >
          <img
            alt="mock user"
            class="MuiAvatar-img css-1pqm26d-MuiAvatar-img"
            src="123"
          />
        </div>
      </div>
      <div
        class="MuiListItemText-root css-1y2w5y4-MuiListItemText-root"
      >
        <span
          class="MuiTypography-root MuiTypography-body1 MuiListItemText-primary css-1edfpdg-MuiTypography-root"
        >
          <span
            class="MuiTypography-root MuiTypography-body2 css-6osl5i-MuiTypography-root"
          >
            mock user
          </span>
        </span>
      </div>
    </li>
    <li
      aria-orientation="horizontal"
      class="MuiDivider-root MuiDivider-inset css-qnmhp7-MuiDivider-root"
      role="separator"
    />
  </div>
</body>
`;
